// Jest Snapshot v1, https://goo.gl/fbAQLP

exports[`DefaultHeader test cases should render correctly 1`] = `<Connect(Navigation) />`;
